[2025-12-28 19:58:21] INFO: 🚀 Experiment Started: Exp_A_SubjectIndependent_Baseline
[2025-12-28 19:58:21] INFO: 📂 Data Directory: /home/qhh2237/Projects/BeatAware_R-M2Net/data_preprocessing/processed_to_h5/experiment_A_SubjectIndependent
[2025-12-28 19:58:21] INFO: 💻 Device: cuda
[2025-12-28 19:58:21] INFO: ⏳ Loading datasets...
[2025-12-28 19:58:21] INFO: Data loaded. Train samples: 4488, Test samples: 605
[2025-12-28 19:58:21] INFO: Model initialized. Alpha for STFT Loss: 0.01
[2025-12-28 19:58:21] INFO: No checkpoint found. Starting fresh training.
[2025-12-28 20:02:52] INFO: 🚀 Experiment Started: Exp_A_SubjectIndependent_Baseline
[2025-12-28 20:02:52] INFO: 📂 Data Directory: /home/qhh2237/Projects/BeatAware_R-M2Net/data_preprocessing/processed_to_h5/experiment_A_SubjectIndependent
[2025-12-28 20:02:52] INFO: 💻 Device: cuda
[2025-12-28 20:02:52] INFO: ⏳ Loading datasets...
[2025-12-28 20:02:52] INFO: Data loaded. Train samples: 4488, Test samples: 605
[2025-12-28 20:02:53] INFO: Model initialized. Alpha for STFT Loss: 0.01
[2025-12-28 20:02:53] INFO: No checkpoint found. Starting fresh training.
[2025-12-28 20:08:03] INFO: Epoch 001 | Train Total: 0.9053 (L1: 0.1341, STFT: 3.4455, Anchor: 0.7368) | Val Loss: 0.1936
[2025-12-28 20:08:03] INFO: Last checkpoint saved to /home/qhh2237/Projects/BeatAware_R-M2Net/experiments/Exp_A_SubjectIndependent_Baseline/checkpoints/Exp_A_SubjectIndependent_Baseline_last.pth
[2025-12-28 20:08:03] INFO: Best model saved to /home/qhh2237/Projects/BeatAware_R-M2Net/experiments/Exp_A_SubjectIndependent_Baseline/checkpoints/Exp_A_SubjectIndependent_Baseline_best.pth
[2025-12-28 20:13:14] INFO: Epoch 002 | Train Total: 0.7186 (L1: 0.0977, STFT: 3.0415, Anchor: 0.5905) | Val Loss: 0.2015
[2025-12-28 20:13:14] INFO: Last checkpoint saved to /home/qhh2237/Projects/BeatAware_R-M2Net/experiments/Exp_A_SubjectIndependent_Baseline/checkpoints/Exp_A_SubjectIndependent_Baseline_last.pth
[2025-12-28 20:13:14] INFO: No improvement for 1/10 epochs.
[2025-12-28 20:18:24] INFO: Epoch 003 | Train Total: 0.5906 (L1: 0.0902, STFT: 2.8437, Anchor: 0.4720) | Val Loss: 0.2053
[2025-12-28 20:18:24] INFO: Last checkpoint saved to /home/qhh2237/Projects/BeatAware_R-M2Net/experiments/Exp_A_SubjectIndependent_Baseline/checkpoints/Exp_A_SubjectIndependent_Baseline_last.pth
[2025-12-28 20:18:24] INFO: No improvement for 2/10 epochs.
[2025-12-28 20:23:35] INFO: Epoch 004 | Train Total: 0.5203 (L1: 0.0849, STFT: 2.7132, Anchor: 0.4082) | Val Loss: 0.2149
[2025-12-28 20:23:35] INFO: Last checkpoint saved to /home/qhh2237/Projects/BeatAware_R-M2Net/experiments/Exp_A_SubjectIndependent_Baseline/checkpoints/Exp_A_SubjectIndependent_Baseline_last.pth
[2025-12-28 20:23:35] INFO: No improvement for 3/10 epochs.
[2025-12-28 20:28:45] INFO: Epoch 005 | Train Total: 0.4846 (L1: 0.0810, STFT: 2.6110, Anchor: 0.3774) | Val Loss: 0.2149
[2025-12-28 20:28:45] INFO: Last checkpoint saved to /home/qhh2237/Projects/BeatAware_R-M2Net/experiments/Exp_A_SubjectIndependent_Baseline/checkpoints/Exp_A_SubjectIndependent_Baseline_last.pth
[2025-12-28 20:28:45] INFO: No improvement for 4/10 epochs.
[2025-12-28 20:33:56] INFO: Epoch 006 | Train Total: 0.4641 (L1: 0.0780, STFT: 2.5356, Anchor: 0.3608) | Val Loss: 0.2152
[2025-12-28 20:33:56] INFO: Last checkpoint saved to /home/qhh2237/Projects/BeatAware_R-M2Net/experiments/Exp_A_SubjectIndependent_Baseline/checkpoints/Exp_A_SubjectIndependent_Baseline_last.pth
[2025-12-28 20:33:56] INFO: No improvement for 5/10 epochs.
[2025-12-28 20:39:07] INFO: Epoch 007 | Train Total: 0.4483 (L1: 0.0752, STFT: 2.4237, Anchor: 0.3488) | Val Loss: 0.2132
[2025-12-28 20:39:07] INFO: Last checkpoint saved to /home/qhh2237/Projects/BeatAware_R-M2Net/experiments/Exp_A_SubjectIndependent_Baseline/checkpoints/Exp_A_SubjectIndependent_Baseline_last.pth
[2025-12-28 20:39:07] INFO: No improvement for 6/10 epochs.
[2025-12-28 20:44:17] INFO: Epoch 008 | Train Total: 0.4357 (L1: 0.0731, STFT: 2.3903, Anchor: 0.3388) | Val Loss: 0.2144
[2025-12-28 20:44:17] INFO: Last checkpoint saved to /home/qhh2237/Projects/BeatAware_R-M2Net/experiments/Exp_A_SubjectIndependent_Baseline/checkpoints/Exp_A_SubjectIndependent_Baseline_last.pth
[2025-12-28 20:44:17] INFO: No improvement for 7/10 epochs.
[2025-12-28 20:49:28] INFO: Epoch 009 | Train Total: 0.4232 (L1: 0.0708, STFT: 2.3300, Anchor: 0.3291) | Val Loss: 0.2004
[2025-12-28 20:49:28] INFO: Last checkpoint saved to /home/qhh2237/Projects/BeatAware_R-M2Net/experiments/Exp_A_SubjectIndependent_Baseline/checkpoints/Exp_A_SubjectIndependent_Baseline_last.pth
[2025-12-28 20:49:28] INFO: No improvement for 8/10 epochs.
[2025-12-28 20:54:39] INFO: Epoch 010 | Train Total: 0.4117 (L1: 0.0691, STFT: 2.2771, Anchor: 0.3199) | Val Loss: 0.1967
[2025-12-28 20:54:39] INFO: Last checkpoint saved to /home/qhh2237/Projects/BeatAware_R-M2Net/experiments/Exp_A_SubjectIndependent_Baseline/checkpoints/Exp_A_SubjectIndependent_Baseline_last.pth
[2025-12-28 20:54:39] INFO: No improvement for 9/10 epochs.
[2025-12-28 20:59:49] INFO: Epoch 011 | Train Total: 0.3994 (L1: 0.0664, STFT: 2.2349, Anchor: 0.3106) | Val Loss: 0.1921
[2025-12-28 20:59:49] INFO: Last checkpoint saved to /home/qhh2237/Projects/BeatAware_R-M2Net/experiments/Exp_A_SubjectIndependent_Baseline/checkpoints/Exp_A_SubjectIndependent_Baseline_last.pth
[2025-12-28 20:59:49] INFO: Best model saved to /home/qhh2237/Projects/BeatAware_R-M2Net/experiments/Exp_A_SubjectIndependent_Baseline/checkpoints/Exp_A_SubjectIndependent_Baseline_best.pth
[2025-12-28 21:05:00] INFO: Epoch 012 | Train Total: 0.3891 (L1: 0.0651, STFT: 2.1818, Anchor: 0.3022) | Val Loss: 0.1936
[2025-12-28 21:05:00] INFO: Last checkpoint saved to /home/qhh2237/Projects/BeatAware_R-M2Net/experiments/Exp_A_SubjectIndependent_Baseline/checkpoints/Exp_A_SubjectIndependent_Baseline_last.pth
[2025-12-28 21:05:00] INFO: No improvement for 1/10 epochs.
[2025-12-28 21:10:10] INFO: Epoch 013 | Train Total: 0.3787 (L1: 0.0632, STFT: 2.1674, Anchor: 0.2939) | Val Loss: 0.1864
[2025-12-28 21:10:10] INFO: Last checkpoint saved to /home/qhh2237/Projects/BeatAware_R-M2Net/experiments/Exp_A_SubjectIndependent_Baseline/checkpoints/Exp_A_SubjectIndependent_Baseline_last.pth
[2025-12-28 21:10:10] INFO: Best model saved to /home/qhh2237/Projects/BeatAware_R-M2Net/experiments/Exp_A_SubjectIndependent_Baseline/checkpoints/Exp_A_SubjectIndependent_Baseline_best.pth
[2025-12-28 21:15:21] INFO: Epoch 014 | Train Total: 0.3689 (L1: 0.0611, STFT: 2.1276, Anchor: 0.2865) | Val Loss: 0.1850
[2025-12-28 21:15:21] INFO: Last checkpoint saved to /home/qhh2237/Projects/BeatAware_R-M2Net/experiments/Exp_A_SubjectIndependent_Baseline/checkpoints/Exp_A_SubjectIndependent_Baseline_last.pth
[2025-12-28 21:15:21] INFO: Best model saved to /home/qhh2237/Projects/BeatAware_R-M2Net/experiments/Exp_A_SubjectIndependent_Baseline/checkpoints/Exp_A_SubjectIndependent_Baseline_best.pth
[2025-12-28 21:20:32] INFO: Epoch 015 | Train Total: 0.3621 (L1: 0.0600, STFT: 2.1608, Anchor: 0.2805) | Val Loss: 0.1881
[2025-12-28 21:20:32] INFO: Last checkpoint saved to /home/qhh2237/Projects/BeatAware_R-M2Net/experiments/Exp_A_SubjectIndependent_Baseline/checkpoints/Exp_A_SubjectIndependent_Baseline_last.pth
[2025-12-28 21:20:32] INFO: No improvement for 1/10 epochs.
[2025-12-28 21:25:43] INFO: Epoch 016 | Train Total: 0.3562 (L1: 0.0591, STFT: 2.1072, Anchor: 0.2760) | Val Loss: 0.1857
[2025-12-28 21:25:43] INFO: Last checkpoint saved to /home/qhh2237/Projects/BeatAware_R-M2Net/experiments/Exp_A_SubjectIndependent_Baseline/checkpoints/Exp_A_SubjectIndependent_Baseline_last.pth
[2025-12-28 21:25:43] INFO: No improvement for 2/10 epochs.
[2025-12-28 21:30:54] INFO: Epoch 017 | Train Total: 0.3515 (L1: 0.0580, STFT: 2.0922, Anchor: 0.2725) | Val Loss: 0.1814
[2025-12-28 21:30:54] INFO: Last checkpoint saved to /home/qhh2237/Projects/BeatAware_R-M2Net/experiments/Exp_A_SubjectIndependent_Baseline/checkpoints/Exp_A_SubjectIndependent_Baseline_last.pth
[2025-12-28 21:30:54] INFO: Best model saved to /home/qhh2237/Projects/BeatAware_R-M2Net/experiments/Exp_A_SubjectIndependent_Baseline/checkpoints/Exp_A_SubjectIndependent_Baseline_best.pth
[2025-12-28 21:36:05] INFO: Epoch 018 | Train Total: 0.3470 (L1: 0.0562, STFT: 2.0701, Anchor: 0.2701) | Val Loss: 0.1807
[2025-12-28 21:36:05] INFO: Last checkpoint saved to /home/qhh2237/Projects/BeatAware_R-M2Net/experiments/Exp_A_SubjectIndependent_Baseline/checkpoints/Exp_A_SubjectIndependent_Baseline_last.pth
[2025-12-28 21:36:05] INFO: Best model saved to /home/qhh2237/Projects/BeatAware_R-M2Net/experiments/Exp_A_SubjectIndependent_Baseline/checkpoints/Exp_A_SubjectIndependent_Baseline_best.pth
[2025-12-28 21:41:16] INFO: Epoch 019 | Train Total: 0.3446 (L1: 0.0556, STFT: 2.0697, Anchor: 0.2683) | Val Loss: 0.1806
[2025-12-28 21:41:16] INFO: Last checkpoint saved to /home/qhh2237/Projects/BeatAware_R-M2Net/experiments/Exp_A_SubjectIndependent_Baseline/checkpoints/Exp_A_SubjectIndependent_Baseline_last.pth
[2025-12-28 21:41:16] INFO: Best model saved to /home/qhh2237/Projects/BeatAware_R-M2Net/experiments/Exp_A_SubjectIndependent_Baseline/checkpoints/Exp_A_SubjectIndependent_Baseline_best.pth
[2025-12-28 21:46:27] INFO: Epoch 020 | Train Total: 0.3413 (L1: 0.0543, STFT: 2.0209, Anchor: 0.2667) | Val Loss: 0.1807
[2025-12-28 21:46:27] INFO: Last checkpoint saved to /home/qhh2237/Projects/BeatAware_R-M2Net/experiments/Exp_A_SubjectIndependent_Baseline/checkpoints/Exp_A_SubjectIndependent_Baseline_last.pth
[2025-12-28 21:46:27] INFO: No improvement for 1/10 epochs.
[2025-12-28 21:51:37] INFO: Epoch 021 | Train Total: 0.3395 (L1: 0.0532, STFT: 2.0246, Anchor: 0.2661) | Val Loss: 0.1797
[2025-12-28 21:51:37] INFO: Last checkpoint saved to /home/qhh2237/Projects/BeatAware_R-M2Net/experiments/Exp_A_SubjectIndependent_Baseline/checkpoints/Exp_A_SubjectIndependent_Baseline_last.pth
[2025-12-28 21:51:38] INFO: Best model saved to /home/qhh2237/Projects/BeatAware_R-M2Net/experiments/Exp_A_SubjectIndependent_Baseline/checkpoints/Exp_A_SubjectIndependent_Baseline_best.pth
[2025-12-28 21:56:48] INFO: Epoch 022 | Train Total: 0.3380 (L1: 0.0525, STFT: 2.0116, Anchor: 0.2653) | Val Loss: 0.1777
[2025-12-28 21:56:48] INFO: Last checkpoint saved to /home/qhh2237/Projects/BeatAware_R-M2Net/experiments/Exp_A_SubjectIndependent_Baseline/checkpoints/Exp_A_SubjectIndependent_Baseline_last.pth
[2025-12-28 21:56:48] INFO: Best model saved to /home/qhh2237/Projects/BeatAware_R-M2Net/experiments/Exp_A_SubjectIndependent_Baseline/checkpoints/Exp_A_SubjectIndependent_Baseline_best.pth
[2025-12-28 22:01:59] INFO: Epoch 023 | Train Total: 0.3365 (L1: 0.0520, STFT: 1.9665, Anchor: 0.2648) | Val Loss: 0.1785
[2025-12-28 22:01:59] INFO: Last checkpoint saved to /home/qhh2237/Projects/BeatAware_R-M2Net/experiments/Exp_A_SubjectIndependent_Baseline/checkpoints/Exp_A_SubjectIndependent_Baseline_last.pth
[2025-12-28 22:01:59] INFO: No improvement for 1/10 epochs.
[2025-12-28 22:07:11] INFO: Epoch 024 | Train Total: 0.3358 (L1: 0.0511, STFT: 2.0135, Anchor: 0.2646) | Val Loss: 0.1783
[2025-12-28 22:07:11] INFO: Last checkpoint saved to /home/qhh2237/Projects/BeatAware_R-M2Net/experiments/Exp_A_SubjectIndependent_Baseline/checkpoints/Exp_A_SubjectIndependent_Baseline_last.pth
[2025-12-28 22:07:11] INFO: No improvement for 2/10 epochs.
[2025-12-28 22:12:21] INFO: Epoch 025 | Train Total: 0.3342 (L1: 0.0500, STFT: 1.9681, Anchor: 0.2645) | Val Loss: 0.1781
[2025-12-28 22:12:21] INFO: Last checkpoint saved to /home/qhh2237/Projects/BeatAware_R-M2Net/experiments/Exp_A_SubjectIndependent_Baseline/checkpoints/Exp_A_SubjectIndependent_Baseline_last.pth
[2025-12-28 22:12:21] INFO: No improvement for 3/10 epochs.
[2025-12-28 22:17:32] INFO: Epoch 026 | Train Total: 0.3335 (L1: 0.0496, STFT: 1.9721, Anchor: 0.2642) | Val Loss: 0.1784
[2025-12-28 22:17:32] INFO: Last checkpoint saved to /home/qhh2237/Projects/BeatAware_R-M2Net/experiments/Exp_A_SubjectIndependent_Baseline/checkpoints/Exp_A_SubjectIndependent_Baseline_last.pth
[2025-12-28 22:17:32] INFO: No improvement for 4/10 epochs.
[2025-12-28 22:22:42] INFO: Epoch 027 | Train Total: 0.3326 (L1: 0.0490, STFT: 1.9222, Anchor: 0.2644) | Val Loss: 0.1805
[2025-12-28 22:22:42] INFO: Last checkpoint saved to /home/qhh2237/Projects/BeatAware_R-M2Net/experiments/Exp_A_SubjectIndependent_Baseline/checkpoints/Exp_A_SubjectIndependent_Baseline_last.pth
[2025-12-28 22:22:42] INFO: No improvement for 5/10 epochs.
[2025-12-28 22:27:53] INFO: Epoch 028 | Train Total: 0.3312 (L1: 0.0481, STFT: 1.9326, Anchor: 0.2638) | Val Loss: 0.1801
[2025-12-28 22:27:53] INFO: Last checkpoint saved to /home/qhh2237/Projects/BeatAware_R-M2Net/experiments/Exp_A_SubjectIndependent_Baseline/checkpoints/Exp_A_SubjectIndependent_Baseline_last.pth
[2025-12-28 22:27:53] INFO: No improvement for 6/10 epochs.
[2025-12-28 22:33:04] INFO: Epoch 029 | Train Total: 0.3304 (L1: 0.0475, STFT: 1.9315, Anchor: 0.2635) | Val Loss: 0.1801
[2025-12-28 22:33:04] INFO: Last checkpoint saved to /home/qhh2237/Projects/BeatAware_R-M2Net/experiments/Exp_A_SubjectIndependent_Baseline/checkpoints/Exp_A_SubjectIndependent_Baseline_last.pth
[2025-12-28 22:33:04] INFO: No improvement for 7/10 epochs.
[2025-12-28 22:38:15] INFO: Epoch 030 | Train Total: 0.3291 (L1: 0.0468, STFT: 1.8902, Anchor: 0.2634) | Val Loss: 0.1803
[2025-12-28 22:38:15] INFO: Last checkpoint saved to /home/qhh2237/Projects/BeatAware_R-M2Net/experiments/Exp_A_SubjectIndependent_Baseline/checkpoints/Exp_A_SubjectIndependent_Baseline_last.pth
[2025-12-28 22:38:15] INFO: No improvement for 8/10 epochs.
[2025-12-28 22:43:25] INFO: Epoch 031 | Train Total: 0.3291 (L1: 0.0466, STFT: 1.9298, Anchor: 0.2632) | Val Loss: 0.1836
[2025-12-28 22:43:25] INFO: Last checkpoint saved to /home/qhh2237/Projects/BeatAware_R-M2Net/experiments/Exp_A_SubjectIndependent_Baseline/checkpoints/Exp_A_SubjectIndependent_Baseline_last.pth
[2025-12-28 22:43:25] INFO: No improvement for 9/10 epochs.
[2025-12-28 22:48:36] INFO: Epoch 032 | Train Total: 0.3280 (L1: 0.0458, STFT: 1.9165, Anchor: 0.2630) | Val Loss: 0.1835
[2025-12-28 22:48:36] INFO: Last checkpoint saved to /home/qhh2237/Projects/BeatAware_R-M2Net/experiments/Exp_A_SubjectIndependent_Baseline/checkpoints/Exp_A_SubjectIndependent_Baseline_last.pth
[2025-12-28 22:48:36] INFO: No improvement for 10/10 epochs.
[2025-12-28 22:48:36] INFO: Early stopping triggered after 10 epochs with no improvement.
[2025-12-28 22:48:36] INFO: Training Finished Successfully!
