[2025-12-31 19:54:39] INFO: 🚀 Experiment Started: Exp_a0.0_b1.0_g0.5_L1_plus_Anchor
[2025-12-31 19:54:39] INFO: 📊 Hyperparams: Alpha=0.0, Beta=1.0
[2025-12-31 19:54:39] INFO: 📂 Data Directory: /home/qhh2237/Projects/BeatAware_R-M2Net/data_preprocessing/processed_to_h5/experiment_A_SubjectIndependent
[2025-12-31 19:54:39] INFO: 💻 Device: cuda
[2025-12-31 19:54:39] INFO: ⏳ Loading datasets...
[2025-12-31 19:54:39] INFO: Data loaded. Train samples: 2993, Test samples: 1168
[2025-12-31 19:54:39] INFO: ⏳ Initializing model and optimizer...
[2025-12-31 19:54:40] INFO: Model initialized with 403202 trainable parameters.
[2025-12-31 19:54:40] INFO: No checkpoint found. Starting fresh training.
[2025-12-31 19:58:10] INFO: Epoch 001 | Train Total: 0.9291 (L1: 0.1605, STFT: 0.5978, Anchor: 0.7633) | Val Loss: 0.1278
[2025-12-31 19:58:10] INFO: Last checkpoint saved to /home/qhh2237/Projects/BeatAware_R-M2Net/experiments/Exp_a0.0_b1.0_g0.5_L1_plus_Anchor/checkpoints/Exp_a0.0_b1.0_g0.5_L1_plus_Anchor_last.pth
[2025-12-31 19:58:10] INFO: Best model saved to /home/qhh2237/Projects/BeatAware_R-M2Net/experiments/Exp_a0.0_b1.0_g0.5_L1_plus_Anchor/checkpoints/Exp_a0.0_b1.0_g0.5_L1_plus_Anchor_best.pth
[2025-12-31 20:01:40] INFO: Epoch 002 | Train Total: 0.7694 (L1: 0.0993, STFT: 0.4533, Anchor: 0.6657) | Val Loss: 0.1342
[2025-12-31 20:01:40] INFO: Last checkpoint saved to /home/qhh2237/Projects/BeatAware_R-M2Net/experiments/Exp_a0.0_b1.0_g0.5_L1_plus_Anchor/checkpoints/Exp_a0.0_b1.0_g0.5_L1_plus_Anchor_last.pth
[2025-12-31 20:01:40] INFO: No improvement for 1/20 epochs.
[2025-12-31 20:05:10] INFO: Epoch 003 | Train Total: 0.6563 (L1: 0.0869, STFT: 0.4244, Anchor: 0.5651) | Val Loss: 0.1213
[2025-12-31 20:05:10] INFO: Last checkpoint saved to /home/qhh2237/Projects/BeatAware_R-M2Net/experiments/Exp_a0.0_b1.0_g0.5_L1_plus_Anchor/checkpoints/Exp_a0.0_b1.0_g0.5_L1_plus_Anchor_last.pth
[2025-12-31 20:05:10] INFO: Best model saved to /home/qhh2237/Projects/BeatAware_R-M2Net/experiments/Exp_a0.0_b1.0_g0.5_L1_plus_Anchor/checkpoints/Exp_a0.0_b1.0_g0.5_L1_plus_Anchor_best.pth
[2025-12-31 20:08:40] INFO: Epoch 004 | Train Total: 0.5661 (L1: 0.0795, STFT: 0.4052, Anchor: 0.4822) | Val Loss: 0.1023
[2025-12-31 20:08:40] INFO: Last checkpoint saved to /home/qhh2237/Projects/BeatAware_R-M2Net/experiments/Exp_a0.0_b1.0_g0.5_L1_plus_Anchor/checkpoints/Exp_a0.0_b1.0_g0.5_L1_plus_Anchor_last.pth
[2025-12-31 20:08:40] INFO: Best model saved to /home/qhh2237/Projects/BeatAware_R-M2Net/experiments/Exp_a0.0_b1.0_g0.5_L1_plus_Anchor/checkpoints/Exp_a0.0_b1.0_g0.5_L1_plus_Anchor_best.pth
[2025-12-31 20:12:10] INFO: Epoch 005 | Train Total: 0.5039 (L1: 0.0750, STFT: 0.3920, Anchor: 0.4245) | Val Loss: 0.1104
[2025-12-31 20:12:10] INFO: Last checkpoint saved to /home/qhh2237/Projects/BeatAware_R-M2Net/experiments/Exp_a0.0_b1.0_g0.5_L1_plus_Anchor/checkpoints/Exp_a0.0_b1.0_g0.5_L1_plus_Anchor_last.pth
[2025-12-31 20:12:10] INFO: No improvement for 1/20 epochs.
[2025-12-31 20:15:40] INFO: Epoch 006 | Train Total: 0.4630 (L1: 0.0729, STFT: 0.3846, Anchor: 0.3857) | Val Loss: 0.1192
[2025-12-31 20:15:40] INFO: Last checkpoint saved to /home/qhh2237/Projects/BeatAware_R-M2Net/experiments/Exp_a0.0_b1.0_g0.5_L1_plus_Anchor/checkpoints/Exp_a0.0_b1.0_g0.5_L1_plus_Anchor_last.pth
[2025-12-31 20:15:40] INFO: No improvement for 2/20 epochs.
[2025-12-31 20:19:11] INFO: Epoch 007 | Train Total: 0.4319 (L1: 0.0686, STFT: 0.3734, Anchor: 0.3588) | Val Loss: 0.1018
[2025-12-31 20:19:11] INFO: Last checkpoint saved to /home/qhh2237/Projects/BeatAware_R-M2Net/experiments/Exp_a0.0_b1.0_g0.5_L1_plus_Anchor/checkpoints/Exp_a0.0_b1.0_g0.5_L1_plus_Anchor_last.pth
[2025-12-31 20:19:11] INFO: Best model saved to /home/qhh2237/Projects/BeatAware_R-M2Net/experiments/Exp_a0.0_b1.0_g0.5_L1_plus_Anchor/checkpoints/Exp_a0.0_b1.0_g0.5_L1_plus_Anchor_best.pth
[2025-12-31 20:22:41] INFO: Epoch 008 | Train Total: 0.4111 (L1: 0.0672, STFT: 0.3700, Anchor: 0.3393) | Val Loss: 0.1159
[2025-12-31 20:22:41] INFO: Last checkpoint saved to /home/qhh2237/Projects/BeatAware_R-M2Net/experiments/Exp_a0.0_b1.0_g0.5_L1_plus_Anchor/checkpoints/Exp_a0.0_b1.0_g0.5_L1_plus_Anchor_last.pth
[2025-12-31 20:22:41] INFO: No improvement for 1/20 epochs.
[2025-12-31 20:26:11] INFO: Epoch 009 | Train Total: 0.3940 (L1: 0.0655, STFT: 0.3656, Anchor: 0.3239) | Val Loss: 0.1029
[2025-12-31 20:26:11] INFO: Last checkpoint saved to /home/qhh2237/Projects/BeatAware_R-M2Net/experiments/Exp_a0.0_b1.0_g0.5_L1_plus_Anchor/checkpoints/Exp_a0.0_b1.0_g0.5_L1_plus_Anchor_last.pth
[2025-12-31 20:26:11] INFO: No improvement for 2/20 epochs.
[2025-12-31 20:29:41] INFO: Epoch 010 | Train Total: 0.3797 (L1: 0.0638, STFT: 0.3616, Anchor: 0.3113) | Val Loss: 0.1027
[2025-12-31 20:29:41] INFO: Last checkpoint saved to /home/qhh2237/Projects/BeatAware_R-M2Net/experiments/Exp_a0.0_b1.0_g0.5_L1_plus_Anchor/checkpoints/Exp_a0.0_b1.0_g0.5_L1_plus_Anchor_last.pth
[2025-12-31 20:29:41] INFO: No improvement for 3/20 epochs.
[2025-12-31 20:33:11] INFO: Epoch 011 | Train Total: 0.3674 (L1: 0.0623, STFT: 0.3579, Anchor: 0.3005) | Val Loss: 0.1037
[2025-12-31 20:33:11] INFO: Last checkpoint saved to /home/qhh2237/Projects/BeatAware_R-M2Net/experiments/Exp_a0.0_b1.0_g0.5_L1_plus_Anchor/checkpoints/Exp_a0.0_b1.0_g0.5_L1_plus_Anchor_last.pth
[2025-12-31 20:33:11] INFO: No improvement for 4/20 epochs.
[2025-12-31 20:36:41] INFO: Epoch 012 | Train Total: 0.3565 (L1: 0.0613, STFT: 0.3552, Anchor: 0.2906) | Val Loss: 0.0990
[2025-12-31 20:36:41] INFO: Last checkpoint saved to /home/qhh2237/Projects/BeatAware_R-M2Net/experiments/Exp_a0.0_b1.0_g0.5_L1_plus_Anchor/checkpoints/Exp_a0.0_b1.0_g0.5_L1_plus_Anchor_last.pth
[2025-12-31 20:36:41] INFO: Best model saved to /home/qhh2237/Projects/BeatAware_R-M2Net/experiments/Exp_a0.0_b1.0_g0.5_L1_plus_Anchor/checkpoints/Exp_a0.0_b1.0_g0.5_L1_plus_Anchor_best.pth
[2025-12-31 20:40:11] INFO: Epoch 013 | Train Total: 0.3458 (L1: 0.0600, STFT: 0.3522, Anchor: 0.2813) | Val Loss: 0.1041
[2025-12-31 20:40:11] INFO: Last checkpoint saved to /home/qhh2237/Projects/BeatAware_R-M2Net/experiments/Exp_a0.0_b1.0_g0.5_L1_plus_Anchor/checkpoints/Exp_a0.0_b1.0_g0.5_L1_plus_Anchor_last.pth
[2025-12-31 20:40:11] INFO: No improvement for 1/20 epochs.
[2025-12-31 20:43:41] INFO: Epoch 014 | Train Total: 0.3367 (L1: 0.0591, STFT: 0.3497, Anchor: 0.2730) | Val Loss: 0.1058
[2025-12-31 20:43:41] INFO: Last checkpoint saved to /home/qhh2237/Projects/BeatAware_R-M2Net/experiments/Exp_a0.0_b1.0_g0.5_L1_plus_Anchor/checkpoints/Exp_a0.0_b1.0_g0.5_L1_plus_Anchor_last.pth
[2025-12-31 20:43:41] INFO: No improvement for 2/20 epochs.
[2025-12-31 20:47:11] INFO: Epoch 015 | Train Total: 0.3288 (L1: 0.0581, STFT: 0.3475, Anchor: 0.2660) | Val Loss: 0.1010
[2025-12-31 20:47:11] INFO: Last checkpoint saved to /home/qhh2237/Projects/BeatAware_R-M2Net/experiments/Exp_a0.0_b1.0_g0.5_L1_plus_Anchor/checkpoints/Exp_a0.0_b1.0_g0.5_L1_plus_Anchor_last.pth
[2025-12-31 20:47:11] INFO: No improvement for 3/20 epochs.
[2025-12-31 20:50:41] INFO: Epoch 016 | Train Total: 0.3225 (L1: 0.0577, STFT: 0.3462, Anchor: 0.2603) | Val Loss: 0.1023
[2025-12-31 20:50:42] INFO: Last checkpoint saved to /home/qhh2237/Projects/BeatAware_R-M2Net/experiments/Exp_a0.0_b1.0_g0.5_L1_plus_Anchor/checkpoints/Exp_a0.0_b1.0_g0.5_L1_plus_Anchor_last.pth
[2025-12-31 20:50:42] INFO: No improvement for 4/20 epochs.
[2025-12-31 20:54:11] INFO: Epoch 017 | Train Total: 0.3171 (L1: 0.0569, STFT: 0.3442, Anchor: 0.2556) | Val Loss: 0.1053
[2025-12-31 20:54:11] INFO: Last checkpoint saved to /home/qhh2237/Projects/BeatAware_R-M2Net/experiments/Exp_a0.0_b1.0_g0.5_L1_plus_Anchor/checkpoints/Exp_a0.0_b1.0_g0.5_L1_plus_Anchor_last.pth
[2025-12-31 20:54:11] INFO: No improvement for 5/20 epochs.
[2025-12-31 20:57:42] INFO: Epoch 018 | Train Total: 0.3132 (L1: 0.0565, STFT: 0.3426, Anchor: 0.2521) | Val Loss: 0.1118
[2025-12-31 20:57:42] INFO: Last checkpoint saved to /home/qhh2237/Projects/BeatAware_R-M2Net/experiments/Exp_a0.0_b1.0_g0.5_L1_plus_Anchor/checkpoints/Exp_a0.0_b1.0_g0.5_L1_plus_Anchor_last.pth
[2025-12-31 20:57:42] INFO: No improvement for 6/20 epochs.
[2025-12-31 21:01:12] INFO: Epoch 019 | Train Total: 0.3099 (L1: 0.0560, STFT: 0.3409, Anchor: 0.2493) | Val Loss: 0.1050
[2025-12-31 21:01:12] INFO: Last checkpoint saved to /home/qhh2237/Projects/BeatAware_R-M2Net/experiments/Exp_a0.0_b1.0_g0.5_L1_plus_Anchor/checkpoints/Exp_a0.0_b1.0_g0.5_L1_plus_Anchor_last.pth
[2025-12-31 21:01:12] INFO: No improvement for 7/20 epochs.
[2025-12-31 21:04:42] INFO: Epoch 020 | Train Total: 0.3067 (L1: 0.0550, STFT: 0.3384, Anchor: 0.2471) | Val Loss: 0.1066
[2025-12-31 21:04:42] INFO: Last checkpoint saved to /home/qhh2237/Projects/BeatAware_R-M2Net/experiments/Exp_a0.0_b1.0_g0.5_L1_plus_Anchor/checkpoints/Exp_a0.0_b1.0_g0.5_L1_plus_Anchor_last.pth
[2025-12-31 21:04:42] INFO: No improvement for 8/20 epochs.
[2025-12-31 21:08:12] INFO: Epoch 021 | Train Total: 0.3046 (L1: 0.0544, STFT: 0.3365, Anchor: 0.2455) | Val Loss: 0.1132
[2025-12-31 21:08:12] INFO: Last checkpoint saved to /home/qhh2237/Projects/BeatAware_R-M2Net/experiments/Exp_a0.0_b1.0_g0.5_L1_plus_Anchor/checkpoints/Exp_a0.0_b1.0_g0.5_L1_plus_Anchor_last.pth
[2025-12-31 21:08:12] INFO: No improvement for 9/20 epochs.
[2025-12-31 21:11:42] INFO: Epoch 022 | Train Total: 0.3028 (L1: 0.0541, STFT: 0.3353, Anchor: 0.2441) | Val Loss: 0.1156
[2025-12-31 21:11:42] INFO: Last checkpoint saved to /home/qhh2237/Projects/BeatAware_R-M2Net/experiments/Exp_a0.0_b1.0_g0.5_L1_plus_Anchor/checkpoints/Exp_a0.0_b1.0_g0.5_L1_plus_Anchor_last.pth
[2025-12-31 21:11:42] INFO: No improvement for 10/20 epochs.
[2025-12-31 21:15:12] INFO: Epoch 023 | Train Total: 0.3011 (L1: 0.0534, STFT: 0.3328, Anchor: 0.2430) | Val Loss: 0.1161
[2025-12-31 21:15:12] INFO: Last checkpoint saved to /home/qhh2237/Projects/BeatAware_R-M2Net/experiments/Exp_a0.0_b1.0_g0.5_L1_plus_Anchor/checkpoints/Exp_a0.0_b1.0_g0.5_L1_plus_Anchor_last.pth
[2025-12-31 21:15:12] INFO: No improvement for 11/20 epochs.
[2025-12-31 21:18:42] INFO: Epoch 024 | Train Total: 0.3000 (L1: 0.0533, STFT: 0.3317, Anchor: 0.2420) | Val Loss: 0.1207
[2025-12-31 21:18:42] INFO: Last checkpoint saved to /home/qhh2237/Projects/BeatAware_R-M2Net/experiments/Exp_a0.0_b1.0_g0.5_L1_plus_Anchor/checkpoints/Exp_a0.0_b1.0_g0.5_L1_plus_Anchor_last.pth
[2025-12-31 21:18:42] INFO: No improvement for 12/20 epochs.
[2025-12-31 21:22:12] INFO: Epoch 025 | Train Total: 0.2985 (L1: 0.0525, STFT: 0.3288, Anchor: 0.2412) | Val Loss: 0.1184
[2025-12-31 21:22:12] INFO: Last checkpoint saved to /home/qhh2237/Projects/BeatAware_R-M2Net/experiments/Exp_a0.0_b1.0_g0.5_L1_plus_Anchor/checkpoints/Exp_a0.0_b1.0_g0.5_L1_plus_Anchor_last.pth
[2025-12-31 21:22:12] INFO: No improvement for 13/20 epochs.
[2025-12-31 21:25:42] INFO: Epoch 026 | Train Total: 0.2974 (L1: 0.0521, STFT: 0.3273, Anchor: 0.2405) | Val Loss: 0.1138
[2025-12-31 21:25:42] INFO: Last checkpoint saved to /home/qhh2237/Projects/BeatAware_R-M2Net/experiments/Exp_a0.0_b1.0_g0.5_L1_plus_Anchor/checkpoints/Exp_a0.0_b1.0_g0.5_L1_plus_Anchor_last.pth
[2025-12-31 21:25:42] INFO: No improvement for 14/20 epochs.
[2025-12-31 21:29:12] INFO: Epoch 027 | Train Total: 0.2967 (L1: 0.0519, STFT: 0.3262, Anchor: 0.2400) | Val Loss: 0.1150
[2025-12-31 21:29:12] INFO: Last checkpoint saved to /home/qhh2237/Projects/BeatAware_R-M2Net/experiments/Exp_a0.0_b1.0_g0.5_L1_plus_Anchor/checkpoints/Exp_a0.0_b1.0_g0.5_L1_plus_Anchor_last.pth
[2025-12-31 21:29:12] INFO: No improvement for 15/20 epochs.
[2025-12-31 21:32:43] INFO: Epoch 028 | Train Total: 0.2956 (L1: 0.0513, STFT: 0.3235, Anchor: 0.2395) | Val Loss: 0.1236
[2025-12-31 21:32:43] INFO: Last checkpoint saved to /home/qhh2237/Projects/BeatAware_R-M2Net/experiments/Exp_a0.0_b1.0_g0.5_L1_plus_Anchor/checkpoints/Exp_a0.0_b1.0_g0.5_L1_plus_Anchor_last.pth
[2025-12-31 21:32:43] INFO: No improvement for 16/20 epochs.
[2025-12-31 21:36:13] INFO: Epoch 029 | Train Total: 0.2953 (L1: 0.0513, STFT: 0.3225, Anchor: 0.2392) | Val Loss: 0.1151
[2025-12-31 21:36:13] INFO: Last checkpoint saved to /home/qhh2237/Projects/BeatAware_R-M2Net/experiments/Exp_a0.0_b1.0_g0.5_L1_plus_Anchor/checkpoints/Exp_a0.0_b1.0_g0.5_L1_plus_Anchor_last.pth
[2025-12-31 21:36:13] INFO: No improvement for 17/20 epochs.
[2025-12-31 21:39:43] INFO: Epoch 030 | Train Total: 0.2944 (L1: 0.0507, STFT: 0.3202, Anchor: 0.2388) | Val Loss: 0.1341
[2025-12-31 21:39:43] INFO: Last checkpoint saved to /home/qhh2237/Projects/BeatAware_R-M2Net/experiments/Exp_a0.0_b1.0_g0.5_L1_plus_Anchor/checkpoints/Exp_a0.0_b1.0_g0.5_L1_plus_Anchor_last.pth
[2025-12-31 21:39:43] INFO: No improvement for 18/20 epochs.
[2025-12-31 21:43:13] INFO: Epoch 031 | Train Total: 0.2938 (L1: 0.0504, STFT: 0.3189, Anchor: 0.2385) | Val Loss: 0.1168
[2025-12-31 21:43:13] INFO: Last checkpoint saved to /home/qhh2237/Projects/BeatAware_R-M2Net/experiments/Exp_a0.0_b1.0_g0.5_L1_plus_Anchor/checkpoints/Exp_a0.0_b1.0_g0.5_L1_plus_Anchor_last.pth
[2025-12-31 21:43:13] INFO: No improvement for 19/20 epochs.
[2025-12-31 21:46:43] INFO: Epoch 032 | Train Total: 0.2932 (L1: 0.0500, STFT: 0.3170, Anchor: 0.2383) | Val Loss: 0.1283
[2025-12-31 21:46:43] INFO: Last checkpoint saved to /home/qhh2237/Projects/BeatAware_R-M2Net/experiments/Exp_a0.0_b1.0_g0.5_L1_plus_Anchor/checkpoints/Exp_a0.0_b1.0_g0.5_L1_plus_Anchor_last.pth
[2025-12-31 21:46:43] INFO: No improvement for 20/20 epochs.
[2025-12-31 21:46:43] INFO: Early stopping triggered after 20 epochs with no improvement.
[2025-12-31 21:46:43] INFO: Training Finished Successfully!
