[2026-01-11 21:24:18] INFO: 🚀 Experiment Started: Exp_a0.0_b0.0_g0.5_V20260111_212416_ec83ee8_Ablation2x3__L1
[2026-01-11 21:24:18] INFO: 📊 Hyperparams: Alpha=0.0, Beta=0.0, Gamma=0.5
[2026-01-11 21:24:18] INFO: 📂 Data Directory: /root/Projects/BeatAware_R-M2Net/data_preprocessing/processed_to_h5/experiment_A_SubjectIndependent
[2026-01-11 21:24:18] INFO: 💻 Device: cuda
[2026-01-11 21:24:18] INFO: [QC] TRAIN_BAD_INDICES_PATH = /root/Projects/BeatAware_R-M2Net/data_preprocessing/qc_indices/train_bad_indices.npy
[2026-01-11 21:24:18] INFO: [QC] TEST_BAD_INDICES_PATH  = /root/Projects/BeatAware_R-M2Net/data_preprocessing/qc_indices/test_bad_indices.npy
[2026-01-11 21:24:18] INFO: [VAL] VAL_SUBJECTS = [21, 23]
[2026-01-11 21:24:18] INFO: [DATA] Train subset: 2305 | Val subset: 617 | Test set: 1161
[2026-01-11 21:24:18] INFO: ⏳ Initializing model and optimizer...
[2026-01-11 21:24:20] INFO: Model initialized with 403202 trainable parameters.
[2026-01-11 21:24:20] INFO: [META] saved to: /root/Projects/BeatAware_R-M2Net/experiments/Exp_a0.0_b0.0_g0.5_V20260111_212416_ec83ee8_Ablation2x3__L1/logs/train_meta.json
[2026-01-11 21:24:20] INFO: No checkpoint found. Starting fresh training.
[2026-01-11 21:26:29] INFO: Epoch 001 | Train Total: 0.2129 (L1: 0.2077, STFT: 0.8247, Anchor: 1.5933, Smooth: 0.0103) | Val Total: 0.1492 (L1: 0.1439, STFT: 0.6115, Anchor: 1.4894, Smooth: 0.0106)
[2026-01-11 21:26:29] INFO: Last checkpoint saved to /root/Projects/BeatAware_R-M2Net/experiments/Exp_a0.0_b0.0_g0.5_V20260111_212416_ec83ee8_Ablation2x3__L1/checkpoints/Exp_a0.0_b0.0_g0.5_V20260111_212416_ec83ee8_Ablation2x3__L1_last.pth
[2026-01-11 21:26:29] INFO: Best model saved to /root/Projects/BeatAware_R-M2Net/experiments/Exp_a0.0_b0.0_g0.5_V20260111_212416_ec83ee8_Ablation2x3__L1/checkpoints/Exp_a0.0_b0.0_g0.5_V20260111_212416_ec83ee8_Ablation2x3__L1_best.pth
[2026-01-11 21:28:36] INFO: Epoch 002 | Train Total: 0.1435 (L1: 0.1382, STFT: 0.6183, Anchor: 1.5887, Smooth: 0.0106) | Val Total: 0.1930 (L1: 0.1886, STFT: 0.6188, Anchor: 1.4807, Smooth: 0.0087)
[2026-01-11 21:28:36] INFO: Last checkpoint saved to /root/Projects/BeatAware_R-M2Net/experiments/Exp_a0.0_b0.0_g0.5_V20260111_212416_ec83ee8_Ablation2x3__L1/checkpoints/Exp_a0.0_b0.0_g0.5_V20260111_212416_ec83ee8_Ablation2x3__L1_last.pth
[2026-01-11 21:28:36] INFO: No improvement for 1/20 epochs.
[2026-01-11 21:30:44] INFO: Epoch 003 | Train Total: 0.1267 (L1: 0.1219, STFT: 0.5894, Anchor: 1.5800, Smooth: 0.0096) | Val Total: 0.1483 (L1: 0.1434, STFT: 0.5258, Anchor: 1.4755, Smooth: 0.0098)
[2026-01-11 21:30:44] INFO: Last checkpoint saved to /root/Projects/BeatAware_R-M2Net/experiments/Exp_a0.0_b0.0_g0.5_V20260111_212416_ec83ee8_Ablation2x3__L1/checkpoints/Exp_a0.0_b0.0_g0.5_V20260111_212416_ec83ee8_Ablation2x3__L1_last.pth
[2026-01-11 21:30:44] INFO: Best model saved to /root/Projects/BeatAware_R-M2Net/experiments/Exp_a0.0_b0.0_g0.5_V20260111_212416_ec83ee8_Ablation2x3__L1/checkpoints/Exp_a0.0_b0.0_g0.5_V20260111_212416_ec83ee8_Ablation2x3__L1_best.pth
[2026-01-11 21:32:52] INFO: Epoch 004 | Train Total: 0.1086 (L1: 0.1041, STFT: 0.5661, Anchor: 1.5789, Smooth: 0.0091) | Val Total: 0.1254 (L1: 0.1209, STFT: 0.4991, Anchor: 1.4772, Smooth: 0.0091)
[2026-01-11 21:32:52] INFO: Last checkpoint saved to /root/Projects/BeatAware_R-M2Net/experiments/Exp_a0.0_b0.0_g0.5_V20260111_212416_ec83ee8_Ablation2x3__L1/checkpoints/Exp_a0.0_b0.0_g0.5_V20260111_212416_ec83ee8_Ablation2x3__L1_last.pth
[2026-01-11 21:32:53] INFO: Best model saved to /root/Projects/BeatAware_R-M2Net/experiments/Exp_a0.0_b0.0_g0.5_V20260111_212416_ec83ee8_Ablation2x3__L1/checkpoints/Exp_a0.0_b0.0_g0.5_V20260111_212416_ec83ee8_Ablation2x3__L1_best.pth
[2026-01-11 21:35:01] INFO: Epoch 005 | Train Total: 0.0960 (L1: 0.0917, STFT: 0.5553, Anchor: 1.5816, Smooth: 0.0086) | Val Total: 0.1415 (L1: 0.1373, STFT: 0.5122, Anchor: 1.4809, Smooth: 0.0085)
[2026-01-11 21:35:01] INFO: Last checkpoint saved to /root/Projects/BeatAware_R-M2Net/experiments/Exp_a0.0_b0.0_g0.5_V20260111_212416_ec83ee8_Ablation2x3__L1/checkpoints/Exp_a0.0_b0.0_g0.5_V20260111_212416_ec83ee8_Ablation2x3__L1_last.pth
[2026-01-11 21:35:01] INFO: No improvement for 1/20 epochs.
[2026-01-11 21:37:09] INFO: Epoch 006 | Train Total: 0.0885 (L1: 0.0841, STFT: 0.5338, Anchor: 1.5825, Smooth: 0.0087) | Val Total: 0.1158 (L1: 0.1114, STFT: 0.5190, Anchor: 1.4818, Smooth: 0.0087)
[2026-01-11 21:37:10] INFO: Last checkpoint saved to /root/Projects/BeatAware_R-M2Net/experiments/Exp_a0.0_b0.0_g0.5_V20260111_212416_ec83ee8_Ablation2x3__L1/checkpoints/Exp_a0.0_b0.0_g0.5_V20260111_212416_ec83ee8_Ablation2x3__L1_last.pth
[2026-01-11 21:37:10] INFO: Best model saved to /root/Projects/BeatAware_R-M2Net/experiments/Exp_a0.0_b0.0_g0.5_V20260111_212416_ec83ee8_Ablation2x3__L1/checkpoints/Exp_a0.0_b0.0_g0.5_V20260111_212416_ec83ee8_Ablation2x3__L1_best.pth
[2026-01-11 21:39:18] INFO: Epoch 007 | Train Total: 0.0840 (L1: 0.0796, STFT: 0.5198, Anchor: 1.5824, Smooth: 0.0088) | Val Total: 0.1162 (L1: 0.1118, STFT: 0.5198, Anchor: 1.4819, Smooth: 0.0086)
[2026-01-11 21:39:18] INFO: Last checkpoint saved to /root/Projects/BeatAware_R-M2Net/experiments/Exp_a0.0_b0.0_g0.5_V20260111_212416_ec83ee8_Ablation2x3__L1/checkpoints/Exp_a0.0_b0.0_g0.5_V20260111_212416_ec83ee8_Ablation2x3__L1_last.pth
[2026-01-11 21:39:18] INFO: No improvement for 1/20 epochs.
[2026-01-11 21:41:26] INFO: Epoch 008 | Train Total: 0.0803 (L1: 0.0759, STFT: 0.5066, Anchor: 1.5820, Smooth: 0.0088) | Val Total: 0.1180 (L1: 0.1138, STFT: 0.5262, Anchor: 1.4822, Smooth: 0.0084)
[2026-01-11 21:41:26] INFO: Last checkpoint saved to /root/Projects/BeatAware_R-M2Net/experiments/Exp_a0.0_b0.0_g0.5_V20260111_212416_ec83ee8_Ablation2x3__L1/checkpoints/Exp_a0.0_b0.0_g0.5_V20260111_212416_ec83ee8_Ablation2x3__L1_last.pth
[2026-01-11 21:41:26] INFO: No improvement for 2/20 epochs.
[2026-01-11 21:43:34] INFO: Epoch 009 | Train Total: 0.0777 (L1: 0.0733, STFT: 0.4954, Anchor: 1.5818, Smooth: 0.0089) | Val Total: 0.1203 (L1: 0.1159, STFT: 0.5031, Anchor: 1.4819, Smooth: 0.0087)
[2026-01-11 21:43:34] INFO: Last checkpoint saved to /root/Projects/BeatAware_R-M2Net/experiments/Exp_a0.0_b0.0_g0.5_V20260111_212416_ec83ee8_Ablation2x3__L1/checkpoints/Exp_a0.0_b0.0_g0.5_V20260111_212416_ec83ee8_Ablation2x3__L1_last.pth
[2026-01-11 21:43:34] INFO: No improvement for 3/20 epochs.
[2026-01-11 21:45:42] INFO: Epoch 010 | Train Total: 0.0760 (L1: 0.0715, STFT: 0.4850, Anchor: 1.5813, Smooth: 0.0090) | Val Total: 0.1192 (L1: 0.1148, STFT: 0.5030, Anchor: 1.4815, Smooth: 0.0089)
[2026-01-11 21:45:42] INFO: Last checkpoint saved to /root/Projects/BeatAware_R-M2Net/experiments/Exp_a0.0_b0.0_g0.5_V20260111_212416_ec83ee8_Ablation2x3__L1/checkpoints/Exp_a0.0_b0.0_g0.5_V20260111_212416_ec83ee8_Ablation2x3__L1_last.pth
[2026-01-11 21:45:42] INFO: No improvement for 4/20 epochs.
[2026-01-11 21:47:51] INFO: Epoch 011 | Train Total: 0.0741 (L1: 0.0695, STFT: 0.4735, Anchor: 1.5807, Smooth: 0.0091) | Val Total: 0.1282 (L1: 0.1242, STFT: 0.5439, Anchor: 1.4806, Smooth: 0.0080)
[2026-01-11 21:47:51] INFO: Last checkpoint saved to /root/Projects/BeatAware_R-M2Net/experiments/Exp_a0.0_b0.0_g0.5_V20260111_212416_ec83ee8_Ablation2x3__L1/checkpoints/Exp_a0.0_b0.0_g0.5_V20260111_212416_ec83ee8_Ablation2x3__L1_last.pth
[2026-01-11 21:47:51] INFO: No improvement for 5/20 epochs.
[2026-01-11 21:50:00] INFO: Epoch 012 | Train Total: 0.0717 (L1: 0.0671, STFT: 0.4639, Anchor: 1.5799, Smooth: 0.0092) | Val Total: 0.1131 (L1: 0.1087, STFT: 0.5042, Anchor: 1.4805, Smooth: 0.0089)
[2026-01-11 21:50:00] INFO: Last checkpoint saved to /root/Projects/BeatAware_R-M2Net/experiments/Exp_a0.0_b0.0_g0.5_V20260111_212416_ec83ee8_Ablation2x3__L1/checkpoints/Exp_a0.0_b0.0_g0.5_V20260111_212416_ec83ee8_Ablation2x3__L1_last.pth
[2026-01-11 21:50:00] INFO: Best model saved to /root/Projects/BeatAware_R-M2Net/experiments/Exp_a0.0_b0.0_g0.5_V20260111_212416_ec83ee8_Ablation2x3__L1/checkpoints/Exp_a0.0_b0.0_g0.5_V20260111_212416_ec83ee8_Ablation2x3__L1_best.pth
[2026-01-11 21:52:09] INFO: Epoch 013 | Train Total: 0.0703 (L1: 0.0656, STFT: 0.4543, Anchor: 1.5794, Smooth: 0.0093) | Val Total: 0.1206 (L1: 0.1164, STFT: 0.5245, Anchor: 1.4800, Smooth: 0.0084)
[2026-01-11 21:52:09] INFO: Last checkpoint saved to /root/Projects/BeatAware_R-M2Net/experiments/Exp_a0.0_b0.0_g0.5_V20260111_212416_ec83ee8_Ablation2x3__L1/checkpoints/Exp_a0.0_b0.0_g0.5_V20260111_212416_ec83ee8_Ablation2x3__L1_last.pth
[2026-01-11 21:52:09] INFO: No improvement for 1/20 epochs.
[2026-01-11 21:54:17] INFO: Epoch 014 | Train Total: 0.0697 (L1: 0.0650, STFT: 0.4470, Anchor: 1.5788, Smooth: 0.0094) | Val Total: 0.1192 (L1: 0.1148, STFT: 0.5204, Anchor: 1.4800, Smooth: 0.0086)
[2026-01-11 21:54:17] INFO: Last checkpoint saved to /root/Projects/BeatAware_R-M2Net/experiments/Exp_a0.0_b0.0_g0.5_V20260111_212416_ec83ee8_Ablation2x3__L1/checkpoints/Exp_a0.0_b0.0_g0.5_V20260111_212416_ec83ee8_Ablation2x3__L1_last.pth
[2026-01-11 21:54:17] INFO: No improvement for 2/20 epochs.
[2026-01-11 21:56:25] INFO: Epoch 015 | Train Total: 0.0679 (L1: 0.0632, STFT: 0.4394, Anchor: 1.5783, Smooth: 0.0095) | Val Total: 0.1127 (L1: 0.1081, STFT: 0.4945, Anchor: 1.4796, Smooth: 0.0092)
[2026-01-11 21:56:25] INFO: Last checkpoint saved to /root/Projects/BeatAware_R-M2Net/experiments/Exp_a0.0_b0.0_g0.5_V20260111_212416_ec83ee8_Ablation2x3__L1/checkpoints/Exp_a0.0_b0.0_g0.5_V20260111_212416_ec83ee8_Ablation2x3__L1_last.pth
[2026-01-11 21:56:25] INFO: Best model saved to /root/Projects/BeatAware_R-M2Net/experiments/Exp_a0.0_b0.0_g0.5_V20260111_212416_ec83ee8_Ablation2x3__L1/checkpoints/Exp_a0.0_b0.0_g0.5_V20260111_212416_ec83ee8_Ablation2x3__L1_best.pth
[2026-01-11 21:58:34] INFO: Epoch 016 | Train Total: 0.0667 (L1: 0.0620, STFT: 0.4339, Anchor: 1.5775, Smooth: 0.0095) | Val Total: 0.1159 (L1: 0.1114, STFT: 0.5029, Anchor: 1.4792, Smooth: 0.0090)
[2026-01-11 21:58:34] INFO: Last checkpoint saved to /root/Projects/BeatAware_R-M2Net/experiments/Exp_a0.0_b0.0_g0.5_V20260111_212416_ec83ee8_Ablation2x3__L1/checkpoints/Exp_a0.0_b0.0_g0.5_V20260111_212416_ec83ee8_Ablation2x3__L1_last.pth
[2026-01-11 21:58:34] INFO: No improvement for 1/20 epochs.
