[2025-12-31 18:26:42] INFO: 🚀 Experiment Started: Exp_a0.0_b0.0_g0.5_Baseline_L1_Only
[2025-12-31 18:26:42] INFO: 📊 Hyperparams: Alpha=0.0, Beta=0.0
[2025-12-31 18:26:42] INFO: 📂 Data Directory: /home/qhh2237/Projects/BeatAware_R-M2Net/data_preprocessing/processed_to_h5/experiment_A_SubjectIndependent
[2025-12-31 18:26:42] INFO: 💻 Device: cuda
[2025-12-31 18:26:42] INFO: ⏳ Loading datasets...
[2025-12-31 18:26:42] INFO: Data loaded. Train samples: 2993, Test samples: 1168
[2025-12-31 18:26:43] INFO: ⏳ Initializing model and optimizer...
[2025-12-31 18:26:43] INFO: Model initialized with 403202 trainable parameters.
[2025-12-31 18:26:43] INFO: No checkpoint found. Starting fresh training.
[2025-12-31 18:30:13] INFO: Epoch 001 | Train Total: 0.1648 (L1: 0.1595, STFT: 0.5964, Anchor: 0.8130) | Val Loss: 0.1244
[2025-12-31 18:30:13] INFO: Last checkpoint saved to /home/qhh2237/Projects/BeatAware_R-M2Net/experiments/Exp_a0.0_b0.0_g0.5_Baseline_L1_Only/checkpoints/Exp_a0.0_b0.0_g0.5_Baseline_L1_Only_last.pth
[2025-12-31 18:30:13] INFO: Best model saved to /home/qhh2237/Projects/BeatAware_R-M2Net/experiments/Exp_a0.0_b0.0_g0.5_Baseline_L1_Only/checkpoints/Exp_a0.0_b0.0_g0.5_Baseline_L1_Only_best.pth
[2025-12-31 18:33:43] INFO: Epoch 002 | Train Total: 0.1016 (L1: 0.0972, STFT: 0.4492, Anchor: 0.8129) | Val Loss: 0.1283
[2025-12-31 18:33:43] INFO: Last checkpoint saved to /home/qhh2237/Projects/BeatAware_R-M2Net/experiments/Exp_a0.0_b0.0_g0.5_Baseline_L1_Only/checkpoints/Exp_a0.0_b0.0_g0.5_Baseline_L1_Only_last.pth
[2025-12-31 18:33:43] INFO: No improvement for 1/20 epochs.
[2025-12-31 18:37:14] INFO: Epoch 003 | Train Total: 0.0892 (L1: 0.0849, STFT: 0.4199, Anchor: 0.8135) | Val Loss: 0.1084
[2025-12-31 18:37:14] INFO: Last checkpoint saved to /home/qhh2237/Projects/BeatAware_R-M2Net/experiments/Exp_a0.0_b0.0_g0.5_Baseline_L1_Only/checkpoints/Exp_a0.0_b0.0_g0.5_Baseline_L1_Only_last.pth
[2025-12-31 18:37:14] INFO: Best model saved to /home/qhh2237/Projects/BeatAware_R-M2Net/experiments/Exp_a0.0_b0.0_g0.5_Baseline_L1_Only/checkpoints/Exp_a0.0_b0.0_g0.5_Baseline_L1_Only_best.pth
[2025-12-31 18:40:44] INFO: Epoch 004 | Train Total: 0.0822 (L1: 0.0778, STFT: 0.4014, Anchor: 0.8145) | Val Loss: 0.0984
[2025-12-31 18:40:44] INFO: Last checkpoint saved to /home/qhh2237/Projects/BeatAware_R-M2Net/experiments/Exp_a0.0_b0.0_g0.5_Baseline_L1_Only/checkpoints/Exp_a0.0_b0.0_g0.5_Baseline_L1_Only_last.pth
[2025-12-31 18:40:44] INFO: Best model saved to /home/qhh2237/Projects/BeatAware_R-M2Net/experiments/Exp_a0.0_b0.0_g0.5_Baseline_L1_Only/checkpoints/Exp_a0.0_b0.0_g0.5_Baseline_L1_Only_best.pth
[2025-12-31 18:44:14] INFO: Epoch 005 | Train Total: 0.0775 (L1: 0.0731, STFT: 0.3875, Anchor: 0.8168) | Val Loss: 0.1072
[2025-12-31 18:44:14] INFO: Last checkpoint saved to /home/qhh2237/Projects/BeatAware_R-M2Net/experiments/Exp_a0.0_b0.0_g0.5_Baseline_L1_Only/checkpoints/Exp_a0.0_b0.0_g0.5_Baseline_L1_Only_last.pth
[2025-12-31 18:44:14] INFO: No improvement for 1/20 epochs.
[2025-12-31 18:47:44] INFO: Epoch 006 | Train Total: 0.0748 (L1: 0.0703, STFT: 0.3789, Anchor: 0.8172) | Val Loss: 0.0997
[2025-12-31 18:47:44] INFO: Last checkpoint saved to /home/qhh2237/Projects/BeatAware_R-M2Net/experiments/Exp_a0.0_b0.0_g0.5_Baseline_L1_Only/checkpoints/Exp_a0.0_b0.0_g0.5_Baseline_L1_Only_last.pth
[2025-12-31 18:47:44] INFO: No improvement for 2/20 epochs.
[2025-12-31 18:51:14] INFO: Epoch 007 | Train Total: 0.0707 (L1: 0.0662, STFT: 0.3685, Anchor: 0.8172) | Val Loss: 0.1234
[2025-12-31 18:51:14] INFO: Last checkpoint saved to /home/qhh2237/Projects/BeatAware_R-M2Net/experiments/Exp_a0.0_b0.0_g0.5_Baseline_L1_Only/checkpoints/Exp_a0.0_b0.0_g0.5_Baseline_L1_Only_last.pth
[2025-12-31 18:51:14] INFO: No improvement for 3/20 epochs.
[2025-12-31 18:54:45] INFO: Epoch 008 | Train Total: 0.0695 (L1: 0.0649, STFT: 0.3652, Anchor: 0.8170) | Val Loss: 0.1182
[2025-12-31 18:54:45] INFO: Last checkpoint saved to /home/qhh2237/Projects/BeatAware_R-M2Net/experiments/Exp_a0.0_b0.0_g0.5_Baseline_L1_Only/checkpoints/Exp_a0.0_b0.0_g0.5_Baseline_L1_Only_last.pth
[2025-12-31 18:54:45] INFO: No improvement for 4/20 epochs.
[2025-12-31 18:58:15] INFO: Epoch 009 | Train Total: 0.0680 (L1: 0.0634, STFT: 0.3614, Anchor: 0.8171) | Val Loss: 0.1116
[2025-12-31 18:58:15] INFO: Last checkpoint saved to /home/qhh2237/Projects/BeatAware_R-M2Net/experiments/Exp_a0.0_b0.0_g0.5_Baseline_L1_Only/checkpoints/Exp_a0.0_b0.0_g0.5_Baseline_L1_Only_last.pth
[2025-12-31 18:58:15] INFO: No improvement for 5/20 epochs.
[2025-12-31 19:01:45] INFO: Epoch 010 | Train Total: 0.0666 (L1: 0.0620, STFT: 0.3580, Anchor: 0.8171) | Val Loss: 0.1036
[2025-12-31 19:01:45] INFO: Last checkpoint saved to /home/qhh2237/Projects/BeatAware_R-M2Net/experiments/Exp_a0.0_b0.0_g0.5_Baseline_L1_Only/checkpoints/Exp_a0.0_b0.0_g0.5_Baseline_L1_Only_last.pth
[2025-12-31 19:01:45] INFO: No improvement for 6/20 epochs.
[2025-12-31 19:05:15] INFO: Epoch 011 | Train Total: 0.0649 (L1: 0.0603, STFT: 0.3538, Anchor: 0.8176) | Val Loss: 0.1200
[2025-12-31 19:05:15] INFO: Last checkpoint saved to /home/qhh2237/Projects/BeatAware_R-M2Net/experiments/Exp_a0.0_b0.0_g0.5_Baseline_L1_Only/checkpoints/Exp_a0.0_b0.0_g0.5_Baseline_L1_Only_last.pth
[2025-12-31 19:05:15] INFO: No improvement for 7/20 epochs.
[2025-12-31 19:08:46] INFO: Epoch 012 | Train Total: 0.0643 (L1: 0.0597, STFT: 0.3516, Anchor: 0.8176) | Val Loss: 0.1208
[2025-12-31 19:08:46] INFO: Last checkpoint saved to /home/qhh2237/Projects/BeatAware_R-M2Net/experiments/Exp_a0.0_b0.0_g0.5_Baseline_L1_Only/checkpoints/Exp_a0.0_b0.0_g0.5_Baseline_L1_Only_last.pth
[2025-12-31 19:08:46] INFO: No improvement for 8/20 epochs.
[2025-12-31 19:12:16] INFO: Epoch 013 | Train Total: 0.0629 (L1: 0.0583, STFT: 0.3485, Anchor: 0.8187) | Val Loss: 0.1042
[2025-12-31 19:12:16] INFO: Last checkpoint saved to /home/qhh2237/Projects/BeatAware_R-M2Net/experiments/Exp_a0.0_b0.0_g0.5_Baseline_L1_Only/checkpoints/Exp_a0.0_b0.0_g0.5_Baseline_L1_Only_last.pth
[2025-12-31 19:12:16] INFO: No improvement for 9/20 epochs.
[2025-12-31 19:15:46] INFO: Epoch 014 | Train Total: 0.0625 (L1: 0.0579, STFT: 0.3468, Anchor: 0.8196) | Val Loss: 0.1187
[2025-12-31 19:15:46] INFO: Last checkpoint saved to /home/qhh2237/Projects/BeatAware_R-M2Net/experiments/Exp_a0.0_b0.0_g0.5_Baseline_L1_Only/checkpoints/Exp_a0.0_b0.0_g0.5_Baseline_L1_Only_last.pth
[2025-12-31 19:15:46] INFO: No improvement for 10/20 epochs.
[2025-12-31 19:19:16] INFO: Epoch 015 | Train Total: 0.0615 (L1: 0.0568, STFT: 0.3443, Anchor: 0.8203) | Val Loss: 0.1112
[2025-12-31 19:19:16] INFO: Last checkpoint saved to /home/qhh2237/Projects/BeatAware_R-M2Net/experiments/Exp_a0.0_b0.0_g0.5_Baseline_L1_Only/checkpoints/Exp_a0.0_b0.0_g0.5_Baseline_L1_Only_last.pth
[2025-12-31 19:19:16] INFO: No improvement for 11/20 epochs.
[2025-12-31 19:22:46] INFO: Epoch 016 | Train Total: 0.0610 (L1: 0.0564, STFT: 0.3425, Anchor: 0.8212) | Val Loss: 0.1125
[2025-12-31 19:22:46] INFO: Last checkpoint saved to /home/qhh2237/Projects/BeatAware_R-M2Net/experiments/Exp_a0.0_b0.0_g0.5_Baseline_L1_Only/checkpoints/Exp_a0.0_b0.0_g0.5_Baseline_L1_Only_last.pth
[2025-12-31 19:22:46] INFO: No improvement for 12/20 epochs.
[2025-12-31 19:26:17] INFO: Epoch 017 | Train Total: 0.0602 (L1: 0.0556, STFT: 0.3402, Anchor: 0.8214) | Val Loss: 0.1118
[2025-12-31 19:26:17] INFO: Last checkpoint saved to /home/qhh2237/Projects/BeatAware_R-M2Net/experiments/Exp_a0.0_b0.0_g0.5_Baseline_L1_Only/checkpoints/Exp_a0.0_b0.0_g0.5_Baseline_L1_Only_last.pth
[2025-12-31 19:26:17] INFO: No improvement for 13/20 epochs.
[2025-12-31 19:29:47] INFO: Epoch 018 | Train Total: 0.0597 (L1: 0.0551, STFT: 0.3381, Anchor: 0.8219) | Val Loss: 0.1229
[2025-12-31 19:29:47] INFO: Last checkpoint saved to /home/qhh2237/Projects/BeatAware_R-M2Net/experiments/Exp_a0.0_b0.0_g0.5_Baseline_L1_Only/checkpoints/Exp_a0.0_b0.0_g0.5_Baseline_L1_Only_last.pth
[2025-12-31 19:29:47] INFO: No improvement for 14/20 epochs.
[2025-12-31 19:33:17] INFO: Epoch 019 | Train Total: 0.0593 (L1: 0.0546, STFT: 0.3363, Anchor: 0.8217) | Val Loss: 0.1224
[2025-12-31 19:33:17] INFO: Last checkpoint saved to /home/qhh2237/Projects/BeatAware_R-M2Net/experiments/Exp_a0.0_b0.0_g0.5_Baseline_L1_Only/checkpoints/Exp_a0.0_b0.0_g0.5_Baseline_L1_Only_last.pth
[2025-12-31 19:33:17] INFO: No improvement for 15/20 epochs.
[2025-12-31 19:36:47] INFO: Epoch 020 | Train Total: 0.0585 (L1: 0.0538, STFT: 0.3341, Anchor: 0.8217) | Val Loss: 0.1178
[2025-12-31 19:36:47] INFO: Last checkpoint saved to /home/qhh2237/Projects/BeatAware_R-M2Net/experiments/Exp_a0.0_b0.0_g0.5_Baseline_L1_Only/checkpoints/Exp_a0.0_b0.0_g0.5_Baseline_L1_Only_last.pth
[2025-12-31 19:36:47] INFO: No improvement for 16/20 epochs.
[2025-12-31 19:40:18] INFO: Epoch 021 | Train Total: 0.0579 (L1: 0.0532, STFT: 0.3315, Anchor: 0.8225) | Val Loss: 0.1210
[2025-12-31 19:40:18] INFO: Last checkpoint saved to /home/qhh2237/Projects/BeatAware_R-M2Net/experiments/Exp_a0.0_b0.0_g0.5_Baseline_L1_Only/checkpoints/Exp_a0.0_b0.0_g0.5_Baseline_L1_Only_last.pth
[2025-12-31 19:40:18] INFO: No improvement for 17/20 epochs.
[2025-12-31 19:43:48] INFO: Epoch 022 | Train Total: 0.0575 (L1: 0.0528, STFT: 0.3298, Anchor: 0.8229) | Val Loss: 0.1305
[2025-12-31 19:43:48] INFO: Last checkpoint saved to /home/qhh2237/Projects/BeatAware_R-M2Net/experiments/Exp_a0.0_b0.0_g0.5_Baseline_L1_Only/checkpoints/Exp_a0.0_b0.0_g0.5_Baseline_L1_Only_last.pth
[2025-12-31 19:43:48] INFO: No improvement for 18/20 epochs.
[2025-12-31 19:47:18] INFO: Epoch 023 | Train Total: 0.0571 (L1: 0.0523, STFT: 0.3275, Anchor: 0.8228) | Val Loss: 0.1298
[2025-12-31 19:47:18] INFO: Last checkpoint saved to /home/qhh2237/Projects/BeatAware_R-M2Net/experiments/Exp_a0.0_b0.0_g0.5_Baseline_L1_Only/checkpoints/Exp_a0.0_b0.0_g0.5_Baseline_L1_Only_last.pth
[2025-12-31 19:47:18] INFO: No improvement for 19/20 epochs.
[2025-12-31 19:50:49] INFO: Epoch 024 | Train Total: 0.0569 (L1: 0.0521, STFT: 0.3262, Anchor: 0.8228) | Val Loss: 0.1416
[2025-12-31 19:50:49] INFO: Last checkpoint saved to /home/qhh2237/Projects/BeatAware_R-M2Net/experiments/Exp_a0.0_b0.0_g0.5_Baseline_L1_Only/checkpoints/Exp_a0.0_b0.0_g0.5_Baseline_L1_Only_last.pth
[2025-12-31 19:50:49] INFO: No improvement for 20/20 epochs.
[2025-12-31 19:50:49] INFO: Early stopping triggered after 20 epochs with no improvement.
[2025-12-31 19:50:49] INFO: Training Finished Successfully!
