[2026-01-09 00:16:42] INFO: 🚀 Experiment Started: Exp_a0.5_b1.0_g0.5_Full_Proposed
[2026-01-09 00:16:42] INFO: 📊 Hyperparams: Alpha=0.5, Beta=1.0
[2026-01-09 00:16:42] INFO: 📂 Data Directory: /root/Projects/BeatAware_R-M2Net/data_preprocessing/processed_to_h5/experiment_A_SubjectIndependent
[2026-01-09 00:16:42] INFO: 💻 Device: cuda
[2026-01-09 00:16:42] INFO: [QC] TRAIN_BAD_INDICES_PATH = /root/Projects/BeatAware_R-M2Net/data_preprocessing/qc_indices/train_bad_indices.npy
[2026-01-09 00:16:42] INFO: [QC] bad_indices_path = /root/Projects/BeatAware_R-M2Net/data_preprocessing/qc_indices/train_bad_indices.npy
[2026-01-09 00:16:42] INFO: [QC] Train kept: 2922 | Test kept: 1161
[2026-01-09 00:16:42] INFO: ⏳ Initializing model and optimizer...
[2026-01-09 00:16:43] INFO: Model initialized with 403202 trainable parameters.
[2026-01-09 00:16:43] INFO: No checkpoint found. Starting fresh training.
[2026-01-09 00:19:32] INFO: Epoch 001 | Train Total: 2.1003 (L1: 0.1918, STFT: 0.6872, Anchor: 1.5548, Smooth: 0.0204) | Val Total: 1.9313 (L1: 0.1257, STFT: 0.5010, Anchor: 1.5467, Smooth: 0.0170)
[2026-01-09 00:19:32] INFO: Last checkpoint saved to /root/Projects/BeatAware_R-M2Net/experiments/Exp_a0.5_b1.0_g0.5_Full_Proposed/checkpoints/Exp_a0.5_b1.0_g0.5_Full_Proposed_last.pth
[2026-01-09 00:19:32] INFO: Best model saved to /root/Projects/BeatAware_R-M2Net/experiments/Exp_a0.5_b1.0_g0.5_Full_Proposed/checkpoints/Exp_a0.5_b1.0_g0.5_Full_Proposed_best.pth
[2026-01-09 00:22:19] INFO: Epoch 002 | Train Total: 1.9368 (L1: 0.1456, STFT: 0.5146, Anchor: 1.5247, Smooth: 0.0183) | Val Total: 1.9258 (L1: 0.1119, STFT: 0.4851, Anchor: 1.5643, Smooth: 0.0141)
[2026-01-09 00:22:19] INFO: Last checkpoint saved to /root/Projects/BeatAware_R-M2Net/experiments/Exp_a0.5_b1.0_g0.5_Full_Proposed/checkpoints/Exp_a0.5_b1.0_g0.5_Full_Proposed_last.pth
[2026-01-09 00:22:19] INFO: Best model saved to /root/Projects/BeatAware_R-M2Net/experiments/Exp_a0.5_b1.0_g0.5_Full_Proposed/checkpoints/Exp_a0.5_b1.0_g0.5_Full_Proposed_best.pth
[2026-01-09 00:25:00] INFO: Epoch 003 | Train Total: 1.8694 (L1: 0.1264, STFT: 0.4707, Anchor: 1.4989, Smooth: 0.0176) | Val Total: 1.9397 (L1: 0.1057, STFT: 0.4772, Anchor: 1.5870, Smooth: 0.0168)
[2026-01-09 00:25:00] INFO: Last checkpoint saved to /root/Projects/BeatAware_R-M2Net/experiments/Exp_a0.5_b1.0_g0.5_Full_Proposed/checkpoints/Exp_a0.5_b1.0_g0.5_Full_Proposed_last.pth
[2026-01-09 00:25:00] INFO: No improvement for 1/30 epochs.
[2026-01-09 00:27:44] INFO: Epoch 004 | Train Total: 1.8086 (L1: 0.1076, STFT: 0.4244, Anchor: 1.4798, Smooth: 0.0180) | Val Total: 1.9676 (L1: 0.1109, STFT: 0.4818, Anchor: 1.6068, Smooth: 0.0180)
[2026-01-09 00:27:44] INFO: Last checkpoint saved to /root/Projects/BeatAware_R-M2Net/experiments/Exp_a0.5_b1.0_g0.5_Full_Proposed/checkpoints/Exp_a0.5_b1.0_g0.5_Full_Proposed_last.pth
[2026-01-09 00:27:44] INFO: No improvement for 2/30 epochs.
[2026-01-09 00:30:30] INFO: Epoch 005 | Train Total: 1.7662 (L1: 0.0973, STFT: 0.3849, Anchor: 1.4672, Smooth: 0.0185) | Val Total: 2.0039 (L1: 0.1213, STFT: 0.5042, Anchor: 1.6224, Smooth: 0.0161)
[2026-01-09 00:30:30] INFO: Last checkpoint saved to /root/Projects/BeatAware_R-M2Net/experiments/Exp_a0.5_b1.0_g0.5_Full_Proposed/checkpoints/Exp_a0.5_b1.0_g0.5_Full_Proposed_last.pth
[2026-01-09 00:30:30] INFO: No improvement for 3/30 epochs.
[2026-01-09 00:33:19] INFO: Epoch 006 | Train Total: 1.7332 (L1: 0.0898, STFT: 0.3558, Anchor: 1.4561, Smooth: 0.0188) | Val Total: 2.0192 (L1: 0.1243, STFT: 0.4975, Anchor: 1.6381, Smooth: 0.0160)
[2026-01-09 00:33:19] INFO: Last checkpoint saved to /root/Projects/BeatAware_R-M2Net/experiments/Exp_a0.5_b1.0_g0.5_Full_Proposed/checkpoints/Exp_a0.5_b1.0_g0.5_Full_Proposed_last.pth
[2026-01-09 00:33:19] INFO: No improvement for 4/30 epochs.
[2026-01-09 00:36:00] INFO: Epoch 007 | Train Total: 1.7098 (L1: 0.0851, STFT: 0.3351, Anchor: 1.4475, Smooth: 0.0192) | Val Total: 2.0099 (L1: 0.1157, STFT: 0.4704, Anchor: 1.6509, Smooth: 0.0162)
[2026-01-09 00:36:00] INFO: Last checkpoint saved to /root/Projects/BeatAware_R-M2Net/experiments/Exp_a0.5_b1.0_g0.5_Full_Proposed/checkpoints/Exp_a0.5_b1.0_g0.5_Full_Proposed_last.pth
[2026-01-09 00:36:00] INFO: No improvement for 5/30 epochs.
[2026-01-09 00:38:46] INFO: Epoch 008 | Train Total: 1.6944 (L1: 0.0825, STFT: 0.3218, Anchor: 1.4413, Smooth: 0.0194) | Val Total: 2.0069 (L1: 0.1102, STFT: 0.4545, Anchor: 1.6613, Smooth: 0.0162)
[2026-01-09 00:38:46] INFO: Last checkpoint saved to /root/Projects/BeatAware_R-M2Net/experiments/Exp_a0.5_b1.0_g0.5_Full_Proposed/checkpoints/Exp_a0.5_b1.0_g0.5_Full_Proposed_last.pth
[2026-01-09 00:38:46] INFO: No improvement for 6/30 epochs.
[2026-01-09 00:41:33] INFO: Epoch 009 | Train Total: 1.6823 (L1: 0.0804, STFT: 0.3117, Anchor: 1.4364, Smooth: 0.0194) | Val Total: 2.0415 (L1: 0.1241, STFT: 0.4835, Anchor: 1.6681, Smooth: 0.0151)
[2026-01-09 00:41:33] INFO: Last checkpoint saved to /root/Projects/BeatAware_R-M2Net/experiments/Exp_a0.5_b1.0_g0.5_Full_Proposed/checkpoints/Exp_a0.5_b1.0_g0.5_Full_Proposed_last.pth
[2026-01-09 00:41:33] INFO: No improvement for 7/30 epochs.
[2026-01-09 00:44:22] INFO: Epoch 010 | Train Total: 1.6706 (L1: 0.0776, STFT: 0.3002, Anchor: 1.4331, Smooth: 0.0195) | Val Total: 2.0624 (L1: 0.1274, STFT: 0.5028, Anchor: 1.6762, Smooth: 0.0148)
[2026-01-09 00:44:23] INFO: Last checkpoint saved to /root/Projects/BeatAware_R-M2Net/experiments/Exp_a0.5_b1.0_g0.5_Full_Proposed/checkpoints/Exp_a0.5_b1.0_g0.5_Full_Proposed_last.pth
[2026-01-09 00:44:23] INFO: No improvement for 8/30 epochs.
[2026-01-09 00:47:07] INFO: Epoch 011 | Train Total: 1.6612 (L1: 0.0757, STFT: 0.2913, Anchor: 1.4300, Smooth: 0.0196) | Val Total: 2.0291 (L1: 0.1123, STFT: 0.4560, Anchor: 1.6809, Smooth: 0.0156)
[2026-01-09 00:47:07] INFO: Last checkpoint saved to /root/Projects/BeatAware_R-M2Net/experiments/Exp_a0.5_b1.0_g0.5_Full_Proposed/checkpoints/Exp_a0.5_b1.0_g0.5_Full_Proposed_last.pth
[2026-01-09 00:47:07] INFO: No improvement for 9/30 epochs.
[2026-01-09 00:49:50] INFO: Epoch 012 | Train Total: 1.6522 (L1: 0.0735, STFT: 0.2819, Anchor: 1.4279, Smooth: 0.0196) | Val Total: 2.0333 (L1: 0.1137, STFT: 0.4556, Anchor: 1.6841, Smooth: 0.0156)
[2026-01-09 00:49:50] INFO: Last checkpoint saved to /root/Projects/BeatAware_R-M2Net/experiments/Exp_a0.5_b1.0_g0.5_Full_Proposed/checkpoints/Exp_a0.5_b1.0_g0.5_Full_Proposed_last.pth
[2026-01-09 00:49:50] INFO: No improvement for 10/30 epochs.
[2026-01-09 00:52:35] INFO: Epoch 013 | Train Total: 1.6449 (L1: 0.0719, STFT: 0.2750, Anchor: 1.4257, Smooth: 0.0196) | Val Total: 2.0484 (L1: 0.1208, STFT: 0.4639, Anchor: 1.6881, Smooth: 0.0151)
[2026-01-09 00:52:35] INFO: Last checkpoint saved to /root/Projects/BeatAware_R-M2Net/experiments/Exp_a0.5_b1.0_g0.5_Full_Proposed/checkpoints/Exp_a0.5_b1.0_g0.5_Full_Proposed_last.pth
[2026-01-09 00:52:35] INFO: No improvement for 11/30 epochs.
[2026-01-09 00:55:21] INFO: Epoch 014 | Train Total: 1.6404 (L1: 0.0709, STFT: 0.2689, Anchor: 1.4253, Smooth: 0.0195) | Val Total: 2.0365 (L1: 0.1176, STFT: 0.4446, Anchor: 1.6889, Smooth: 0.0154)
[2026-01-09 00:55:21] INFO: Last checkpoint saved to /root/Projects/BeatAware_R-M2Net/experiments/Exp_a0.5_b1.0_g0.5_Full_Proposed/checkpoints/Exp_a0.5_b1.0_g0.5_Full_Proposed_last.pth
[2026-01-09 00:55:21] INFO: No improvement for 12/30 epochs.
[2026-01-09 00:58:02] INFO: Epoch 015 | Train Total: 1.6331 (L1: 0.0686, STFT: 0.2600, Anchor: 1.4248, Smooth: 0.0194) | Val Total: 2.0607 (L1: 0.1269, STFT: 0.4750, Anchor: 1.6891, Smooth: 0.0144)
[2026-01-09 00:58:03] INFO: Last checkpoint saved to /root/Projects/BeatAware_R-M2Net/experiments/Exp_a0.5_b1.0_g0.5_Full_Proposed/checkpoints/Exp_a0.5_b1.0_g0.5_Full_Proposed_last.pth
[2026-01-09 00:58:03] INFO: No improvement for 13/30 epochs.
[2026-01-09 01:00:44] INFO: Epoch 016 | Train Total: 1.6279 (L1: 0.0679, STFT: 0.2540, Anchor: 1.4233, Smooth: 0.0192) | Val Total: 2.0453 (L1: 0.1220, STFT: 0.4492, Anchor: 1.6912, Smooth: 0.0151)
[2026-01-09 01:00:44] INFO: Last checkpoint saved to /root/Projects/BeatAware_R-M2Net/experiments/Exp_a0.5_b1.0_g0.5_Full_Proposed/checkpoints/Exp_a0.5_b1.0_g0.5_Full_Proposed_last.pth
[2026-01-09 01:00:44] INFO: No improvement for 14/30 epochs.
[2026-01-09 01:03:26] INFO: Epoch 017 | Train Total: 1.6217 (L1: 0.0665, STFT: 0.2461, Anchor: 1.4227, Smooth: 0.0190) | Val Total: 2.0507 (L1: 0.1260, STFT: 0.4515, Anchor: 1.6913, Smooth: 0.0152)
[2026-01-09 01:03:27] INFO: Last checkpoint saved to /root/Projects/BeatAware_R-M2Net/experiments/Exp_a0.5_b1.0_g0.5_Full_Proposed/checkpoints/Exp_a0.5_b1.0_g0.5_Full_Proposed_last.pth
[2026-01-09 01:03:27] INFO: No improvement for 15/30 epochs.
[2026-01-09 01:06:09] INFO: Epoch 018 | Train Total: 1.6161 (L1: 0.0656, STFT: 0.2389, Anchor: 1.4217, Smooth: 0.0188) | Val Total: 2.0153 (L1: 0.1089, STFT: 0.4060, Anchor: 1.6956, Smooth: 0.0156)
[2026-01-09 01:06:09] INFO: Last checkpoint saved to /root/Projects/BeatAware_R-M2Net/experiments/Exp_a0.5_b1.0_g0.5_Full_Proposed/checkpoints/Exp_a0.5_b1.0_g0.5_Full_Proposed_last.pth
[2026-01-09 01:06:09] INFO: No improvement for 16/30 epochs.
[2026-01-09 01:08:52] INFO: Epoch 019 | Train Total: 1.6110 (L1: 0.0642, STFT: 0.2327, Anchor: 1.4212, Smooth: 0.0186) | Val Total: 2.0248 (L1: 0.1139, STFT: 0.4076, Anchor: 1.6994, Smooth: 0.0153)
[2026-01-09 01:08:52] INFO: Last checkpoint saved to /root/Projects/BeatAware_R-M2Net/experiments/Exp_a0.5_b1.0_g0.5_Full_Proposed/checkpoints/Exp_a0.5_b1.0_g0.5_Full_Proposed_last.pth
[2026-01-09 01:08:52] INFO: No improvement for 17/30 epochs.
[2026-01-09 01:11:35] INFO: Epoch 020 | Train Total: 1.6080 (L1: 0.0635, STFT: 0.2276, Anchor: 1.4214, Smooth: 0.0185) | Val Total: 2.0192 (L1: 0.1139, STFT: 0.4061, Anchor: 1.6946, Smooth: 0.0154)
[2026-01-09 01:11:35] INFO: Last checkpoint saved to /root/Projects/BeatAware_R-M2Net/experiments/Exp_a0.5_b1.0_g0.5_Full_Proposed/checkpoints/Exp_a0.5_b1.0_g0.5_Full_Proposed_last.pth
[2026-01-09 01:11:35] INFO: No improvement for 18/30 epochs.
[2026-01-09 01:14:18] INFO: Epoch 021 | Train Total: 1.6044 (L1: 0.0628, STFT: 0.2232, Anchor: 1.4207, Smooth: 0.0184) | Val Total: 2.0485 (L1: 0.1226, STFT: 0.4465, Anchor: 1.6956, Smooth: 0.0143)
[2026-01-09 01:14:18] INFO: Last checkpoint saved to /root/Projects/BeatAware_R-M2Net/experiments/Exp_a0.5_b1.0_g0.5_Full_Proposed/checkpoints/Exp_a0.5_b1.0_g0.5_Full_Proposed_last.pth
[2026-01-09 01:14:18] INFO: No improvement for 19/30 epochs.
[2026-01-09 01:17:04] INFO: Epoch 022 | Train Total: 1.5995 (L1: 0.0618, STFT: 0.2180, Anchor: 1.4195, Smooth: 0.0184) | Val Total: 2.0317 (L1: 0.1179, STFT: 0.4188, Anchor: 1.6969, Smooth: 0.0150)
[2026-01-09 01:17:04] INFO: Last checkpoint saved to /root/Projects/BeatAware_R-M2Net/experiments/Exp_a0.5_b1.0_g0.5_Full_Proposed/checkpoints/Exp_a0.5_b1.0_g0.5_Full_Proposed_last.pth
[2026-01-09 01:17:04] INFO: No improvement for 20/30 epochs.
[2026-01-09 01:19:49] INFO: Epoch 023 | Train Total: 1.5974 (L1: 0.0616, STFT: 0.2150, Anchor: 1.4191, Smooth: 0.0183) | Val Total: 2.0186 (L1: 0.1114, STFT: 0.4022, Anchor: 1.6986, Smooth: 0.0152)
[2026-01-09 01:19:49] INFO: Last checkpoint saved to /root/Projects/BeatAware_R-M2Net/experiments/Exp_a0.5_b1.0_g0.5_Full_Proposed/checkpoints/Exp_a0.5_b1.0_g0.5_Full_Proposed_last.pth
[2026-01-09 01:19:49] INFO: No improvement for 21/30 epochs.
[2026-01-09 01:22:33] INFO: Epoch 024 | Train Total: 1.5944 (L1: 0.0608, STFT: 0.2115, Anchor: 1.4188, Smooth: 0.0182) | Val Total: 2.0259 (L1: 0.1085, STFT: 0.4215, Anchor: 1.6994, Smooth: 0.0144)
[2026-01-09 01:22:33] INFO: Last checkpoint saved to /root/Projects/BeatAware_R-M2Net/experiments/Exp_a0.5_b1.0_g0.5_Full_Proposed/checkpoints/Exp_a0.5_b1.0_g0.5_Full_Proposed_last.pth
[2026-01-09 01:22:33] INFO: No improvement for 22/30 epochs.
[2026-01-09 01:25:17] INFO: Epoch 025 | Train Total: 1.5925 (L1: 0.0601, STFT: 0.2094, Anchor: 1.4186, Smooth: 0.0182) | Val Total: 2.0157 (L1: 0.1136, STFT: 0.3982, Anchor: 1.6951, Smooth: 0.0158)
[2026-01-09 01:25:17] INFO: Last checkpoint saved to /root/Projects/BeatAware_R-M2Net/experiments/Exp_a0.5_b1.0_g0.5_Full_Proposed/checkpoints/Exp_a0.5_b1.0_g0.5_Full_Proposed_last.pth
[2026-01-09 01:25:17] INFO: No improvement for 23/30 epochs.
[2026-01-09 01:28:00] INFO: Epoch 026 | Train Total: 1.5907 (L1: 0.0597, STFT: 0.2068, Anchor: 1.4186, Smooth: 0.0182) | Val Total: 2.0290 (L1: 0.1170, STFT: 0.4192, Anchor: 1.6949, Smooth: 0.0149)
[2026-01-09 01:28:00] INFO: Last checkpoint saved to /root/Projects/BeatAware_R-M2Net/experiments/Exp_a0.5_b1.0_g0.5_Full_Proposed/checkpoints/Exp_a0.5_b1.0_g0.5_Full_Proposed_last.pth
[2026-01-09 01:28:00] INFO: No improvement for 24/30 epochs.
[2026-01-09 01:30:46] INFO: Epoch 027 | Train Total: 1.5871 (L1: 0.0587, STFT: 0.2027, Anchor: 1.4180, Smooth: 0.0181) | Val Total: 2.0465 (L1: 0.1192, STFT: 0.4454, Anchor: 1.6977, Smooth: 0.0138)
[2026-01-09 01:30:46] INFO: Last checkpoint saved to /root/Projects/BeatAware_R-M2Net/experiments/Exp_a0.5_b1.0_g0.5_Full_Proposed/checkpoints/Exp_a0.5_b1.0_g0.5_Full_Proposed_last.pth
[2026-01-09 01:30:46] INFO: No improvement for 25/30 epochs.
[2026-01-09 01:33:35] INFO: Epoch 028 | Train Total: 1.5843 (L1: 0.0581, STFT: 0.2002, Anchor: 1.4171, Smooth: 0.0180) | Val Total: 2.0152 (L1: 0.1108, STFT: 0.3992, Anchor: 1.6969, Smooth: 0.0159)
[2026-01-09 01:33:36] INFO: Last checkpoint saved to /root/Projects/BeatAware_R-M2Net/experiments/Exp_a0.5_b1.0_g0.5_Full_Proposed/checkpoints/Exp_a0.5_b1.0_g0.5_Full_Proposed_last.pth
[2026-01-09 01:33:36] INFO: No improvement for 26/30 epochs.
[2026-01-09 01:36:22] INFO: Epoch 029 | Train Total: 1.5824 (L1: 0.0577, STFT: 0.1982, Anchor: 1.4167, Smooth: 0.0179) | Val Total: 2.0423 (L1: 0.1214, STFT: 0.4295, Anchor: 1.6985, Smooth: 0.0154)
[2026-01-09 01:36:22] INFO: Last checkpoint saved to /root/Projects/BeatAware_R-M2Net/experiments/Exp_a0.5_b1.0_g0.5_Full_Proposed/checkpoints/Exp_a0.5_b1.0_g0.5_Full_Proposed_last.pth
[2026-01-09 01:36:22] INFO: No improvement for 27/30 epochs.
[2026-01-09 01:39:09] INFO: Epoch 030 | Train Total: 1.5807 (L1: 0.0573, STFT: 0.1962, Anchor: 1.4163, Smooth: 0.0179) | Val Total: 2.0340 (L1: 0.1124, STFT: 0.4367, Anchor: 1.6965, Smooth: 0.0136)
[2026-01-09 01:39:09] INFO: Last checkpoint saved to /root/Projects/BeatAware_R-M2Net/experiments/Exp_a0.5_b1.0_g0.5_Full_Proposed/checkpoints/Exp_a0.5_b1.0_g0.5_Full_Proposed_last.pth
[2026-01-09 01:39:09] INFO: No improvement for 28/30 epochs.
[2026-01-09 01:41:53] INFO: Epoch 031 | Train Total: 1.5777 (L1: 0.0564, STFT: 0.1929, Anchor: 1.4159, Smooth: 0.0178) | Val Total: 2.0269 (L1: 0.1110, STFT: 0.4223, Anchor: 1.6974, Smooth: 0.0146)
[2026-01-09 01:41:53] INFO: Last checkpoint saved to /root/Projects/BeatAware_R-M2Net/experiments/Exp_a0.5_b1.0_g0.5_Full_Proposed/checkpoints/Exp_a0.5_b1.0_g0.5_Full_Proposed_last.pth
[2026-01-09 01:41:53] INFO: No improvement for 29/30 epochs.
[2026-01-09 01:44:37] INFO: Epoch 032 | Train Total: 1.5745 (L1: 0.0560, STFT: 0.1896, Anchor: 1.4148, Smooth: 0.0178) | Val Total: 2.0301 (L1: 0.1163, STFT: 0.4210, Anchor: 1.6957, Smooth: 0.0153)
[2026-01-09 01:44:38] INFO: Last checkpoint saved to /root/Projects/BeatAware_R-M2Net/experiments/Exp_a0.5_b1.0_g0.5_Full_Proposed/checkpoints/Exp_a0.5_b1.0_g0.5_Full_Proposed_last.pth
[2026-01-09 01:44:38] INFO: No improvement for 30/30 epochs.
[2026-01-09 01:44:38] INFO: Early stopping triggered after 30 epochs with no improvement.
[2026-01-09 01:44:38] INFO: Training Finished Successfully!
